<html>
<body>
<pre>
<h1>礦ision Build Log</h1>
<h2>Project:</h2>
J:\ZhuBaJie_Pro\32.Beijin_Inductance_proximity_can_pro\CAN_git_pvb_v08_software\Can_Stm32f105rbt6_branch_v01\USER\CAN_v08pcb_v01.uvprojx
Project File Date:  07/15/2017

<h2>Output:</h2>
Build target 'CAN'
compiling main.c...
main.c(32): warning:  #223-D: function "CAN2_Mode_Init" declared implicitly
    CAN2_Mode_Init(CAN_SJW_1tq,CAN_BS2_8tq,CAN_BS1_9tq,16,mode);//CAN初始化环回模式,波特率125Kbps    
main.c(47): warning:  #223-D: function "Can2_Send_Msg" declared implicitly
                  Can2_Send_Msg(trig_canbuf,0x020100b5,CAN_RTR_Data);//发送8个字?                 ^
main.c(73): warning:  #223-D: function "Can2_Send_Msg" declared implicitly
                     Can2_Send_Msg(trig_canbuf2,0x020100b5,CAN_RTR_Data);//发送8个字?                ^
main.c(98): warning:  #223-D: function "Can2_Send_Msg" declared implicitly
                     Can2_Send_Msg(trig_canbuf3,0x020100b5,CAN_RTR_Data);//发送8个字?                ^
main.c(129): warning:  #223-D: function "Can2_Send_Msg" declared implicitly
                                                                Can2_Send_Msg(notrig_canbuf,0x020100b5,CAN_RTR_Data);//发送8个字?                                                               ^
main.c(153): warning:  #223-D: function "Can2_Send_Msg" declared implicitly
                                                                                Can2_Send_Msg(trig_canbuf,0x020100b5,CAN_RTR_Data);//发送8个字?                                                                                 ^
main.c(180): warning:  #223-D: function "Can2_Send_Msg" declared implicitly
                                                                                         Can2_Send_Msg(trig_canbuf2,0x010100b5,CAN_RTR_Data);//发送8个字?                                                                                        ^
main.c(205): warning:  #223-D: function "Can2_Send_Msg" declared implicitly
                                                                                 Can2_Send_Msg(trig_canbuf3,0x010100b5,CAN_RTR_Data);//发送8个字?                                                                                ^
main.c: 8 warnings, 0 errors
compiling can.c...
..\HARDWARE\CAN\can.c(122): warning:  #550-D: parameter "exframe" was set but never used
  u8 Can_Receive_Msg(u8 *buf,u32 exframe)
..\HARDWARE\CAN\can.c: 1 warning, 0 errors
linking...
Program Size: Code=10720 RO-data=344 RW-data=52 ZI-data=1836  
FromELF: creating hex file...
"..\OBJ\CAN2.axf" - 0 Error(s), 9 Warning(s).
Load "..\\OBJ\\CAN2.axf" 
Error: Flash Download failed  -  Target DLL has been cancelled
 sys.c...
compiling usart.c...
compiling core_cm3.c...
assembling startup_stm32f10x_hd.s...
compiling misc.c...
compiling stm32f10x_fsmc.c...
compiling stm32f10x_gpio.c...
compiling stm32f10x_rcc.c...
compiling stm32f10x_can.c...
compiling stm32f10x_usart.c...
linking...
Program Size: Code=10720 RO-data=344 RW-data=52 ZI-data=1836  
FromELF: creating hex file...
"..\OBJ\CAN.axf" - 0 Error(s), 9 Warning(s).
ced
        u8 res,res2;
main.c: 17 warnings, 0 errors
linking...
Program Size: Code=10720 RO-data=344 RW-data=52 ZI-data=1836  
FromELF: creating hex file...
"..\OBJ\CAN.axf" - 0 Error(s), 17 Warning(s).
Load "..\\OBJ\\CAN.axf" 
Error: Flash Download failed  -  Target DLL has been cancelled
Load "..\\OBJ\\CAN.axf" 
Error: Flash Download failed  -  Target DLL has been cancelled
Load "..\\OBJ\\CAN.axf" 
Error: Flash Download failed  -  Target DLL has been cancelled
Load "..\\OBJ\\CAN.axf" 
Error: Flash Download failed  -  Target DLL has been cancelled
Load "..\\OBJ\\CAN.axf" 
Error: Flash Download failed  -  Target DLL has been cancelled
Load "..\\OBJ\\CAN.axf" 
RDDI-DAP Error
Error: Flash Download failed  -  Target DLL has been cancelled
Load "..\\OBJ\\CAN.axf" 
RDDI-DAP Error
Error: Flash Download failed  -  Target DLL has been cancelled
Load "..\\OBJ\\CAN.axf" 
RDDI-DAP Error
Error: Flash Download failed  -  Target DLL has been cancelled
Load "..\\OBJ\\CAN.axf" 
RDDI-DAP Error
Error: Flash Download failed  -  Target DLL has been cancelled
Load "..\\OBJ\\CAN.axf" 
Error: Flash Download failed  -  Target DLL has been cancelled
Load "..\\OBJ\\CAN.axf" 
Error: Flash Download failed  -  Target DLL has been cancelled
Load "..\\OBJ\\CAN.axf" 
RDDI-DAP Error
Error: Flash Download failed  -  Target DLL has been cancelled
Load "..\\OBJ\\CAN.axf" 
Erase Done.
Programming Failed!
Error: Flash Download failed  -  "Cortex-M3"
Load "..\\OBJ\\CAN.axf" 
Erase Done.
Programming Failed!
Error: Flash Download failed  -  "Cortex-M3"
Load "..\\OBJ\\CAN.axf" 
Erase Done.
Programming Failed!
Error: Flash Download failed  -  "Cortex-M3"
Load "..\\OBJ\\CAN.axf" 
RDDI-DAP Error
Error: Flash Download failed  -  Target DLL has been cancelled
Load "..\\OBJ\\CAN.axf" 
Error: Flash Download failed  -  Target DLL has been cancelled
Load "..\\OBJ\\CAN.axf" 
Erase Done.
Programming Failed!
Error: Flash Download failed  -  "Cortex-M3"
