<html>
<body>
<pre>
<h1>礦ision Build Log</h1>
<h2>Project:</h2>
J:\ZhuBaJie_Pro\32.Beijin_Inductance_proximity_can_pro\CAN_git_pvb_v08_software\Can_Stm32f105rbt6_branch_v01\USER\CAN_v08pcb_v01.uvprojx
Project File Date:  11/26/2017

<h2>Output:</h2>
Build target 'CAN'
compiling main.c...
main.c(39): warning:  #223-D: function "CAN2_Mode_Init" declared implicitly
    CAN2_Mode_Init(CAN_SJW_1tq,CAN_BS2_8tq,CAN_BS1_9tq,16,mode);//CAN初始化环回模式,波特率125Kbps    
main.c(54): warning:  #223-D: function "Can2_Send_Msg" declared implicitly
                                Can2_Send_Msg(trig_canbuf,ExtendID_2,CAN_RTR_Data);//发送8个字?                                 ^
main.c(81): warning:  #223-D: function "Can2_Send_Msg" declared implicitly
                      Can2_Send_Msg(trig_canbuf2,ExtendID_2,CAN_RTR_Data);//发送8个字?                        ^
main.c(107): warning:  #223-D: function "Can2_Send_Msg" declared implicitly
                         Can2_Send_Msg(trig_canbuf3,ExtendID_2,CAN_RTR_Data);//发送8个字?                        ^
main.c(137): warning:  #223-D: function "Can2_Send_Msg" declared implicitly
                                                                Can2_Send_Msg(notrig_canbuf,ExtendID_2,CAN_RTR_Data);//发送8个字?                                                               ^
main.c(160): warning:  #223-D: function "Can2_Send_Msg" declared implicitly
                                                                        Can2_Send_Msg(trig_canbuf,ExtendID_2,CAN_RTR_Data);//发送8个字?                                                                         ^
main.c(187): warning:  #223-D: function "Can2_Send_Msg" declared implicitly
                                                                                         Can2_Send_Msg(trig_canbuf2,ExtendID_2,CAN_RTR_Data);//发送8个字?                                                                                        ^
main.c(212): warning:  #223-D: function "Can2_Send_Msg" declared implicitly
                                                                                 Can2_Send_Msg(trig_canbuf3,ExtendID_2,CAN_RTR_Data);//发送8个字?                                                                                ^
main.c: 8 warnings, 0 errors
linking...
Program Size: Code=10700 RO-data=344 RW-data=52 ZI-data=1836  
FromELF: creating hex file...
"..\OBJ\CAN3_10.axf" - 0 Error(s), 8 Warning(s).
</pre>
</body>
</html>

RDDI-DAP Error
Error: Flash Download failed  -  Target DLL has been cancelled
